Microchip MPLAB XC8 Compiler V1.30 ()

Linker command line:

--edf=/Applications/microchip/xc8/v1.30/dat/en_msgs.txt -cs \
  -h+dist/default/production/firefan.X.production.sym \
  --cmf=dist/default/production/firefan.X.production.cmf -z -Q12F683 \
  -o/tmp/cgt8w5Vp6 -Mdist/default/production/firefan.X.production.map -E1 \
  -ver=XC8 -ASTACK=0A0h-0bfh -pstack=STACK -ACONST=00h-0FFhx8 \
  -ACODE=00h-07FFh -ASTRCODE=00h-07FFh -AENTRY=00h-0FFhx8 \
  -ASTRING=00h-0FFhx8 -ACOMMON=070h-07Fh -ABANK0=020h-06Fh \
  -ABANK1=0A0h-0BFh -ARAM=020h-06Fh,0A0h-0BFh -AABS1=020h-07Fh,0A0h-0BFh \
  -ASFR0=00h-01Fh -ASFR1=080h-09Fh -preset_vec=00h,intentry,init,end_init \
  -ppowerup=CODE -pcinit=CODE -pfunctab=CODE -ACONFIG=02007h-02007h \
  -pconfig=CONFIG -DCONFIG=2 -AIDLOC=02000h-02003h -pidloc=IDLOC -DIDLOC=2 \
  -AEEDATA=00h-0FFh/02100h -peeprom_data=EEDATA -DEEDATA=2 -DCODE=2 \
  -DSTRCODE=2 -DSTRING=2 -DCONST=2 -DENTRY=2 -k /tmp/cgtjHy9TV.obj \
  dist/default/production/firefan.X.production.obj 

Object code version is 3.11

Machine type is 12F683



                Name                               Link     Load   Length Selector   Space Scale
/tmp/cgtjHy9TV.obj
                end_init                              0        0        1        0       0
                config                             2007     2007        1     400E       0
dist/default/production/firefan.X.production.obj
                cinit                               7FE      7FE        2      FFC       0
                text8                               4E7      4E7        9      9CE       0
                text7                               556      556       5D      AAC       0
                text6                               613      613       68      C26       0
                text5                               4FB      4FB       1F      9F6       0
                text4                               67B      67B       B4      CF6       0
                text3                               72F      72F       CF      E5E       0
                text2                               5B3      5B3       60      B66       0
                text1                               51A      51A       3C      A34       0
                maintext                            4F0      4F0        B      9E0       0
                cstackBANK0                          20       20       34       20       1
                cstackCOMMON                         70       70        E       70       1

TOTAL           Name                               Link     Load   Length     Space
        CLASS   STACK          

        CLASS   CONST          

        CLASS   CODE           
                end_init                              0        0        1         0
                cinit                               7FE      7FE        2         0
                text8                               4E7      4E7        9         0
                text7                               556      556       5D         0
                text6                               613      613       68         0
                text5                               4FB      4FB       1F         0
                text4                               67B      67B       B4         0
                text3                               72F      72F       CF         0
                text2                               5B3      5B3       60         0
                text1                               51A      51A       3C         0
                maintext                            4F0      4F0        B         0

        CLASS   STRCODE        

        CLASS   ENTRY          

        CLASS   STRING         

        CLASS   COMMON         
                cstackCOMMON                         70       70        E         1

        CLASS   BANK0          
                cstackBANK0                          20       20       34         1

        CLASS   BANK1          

        CLASS   RAM            

        CLASS   ABS1           
                abs_s1                               7E       7E        2         1

        CLASS   SFR0           

        CLASS   SFR1           

        CLASS   CONFIG         
                config                             2007     2007        1         0

        CLASS   IDLOC          

        CLASS   EEDATA         



SEGMENTS        Name                           Load    Length   Top    Selector   Space  Class     Delta

                reset_vec                      000000  000001  000001         0       0  CODE        2
                cstackBANK0                    000020  000034  000054        20       1  BANK0       1
                cstackCOMMON                   000070  00000E  00007E        70       1  COMMON      1
                text8                          0004E7  000009  0004F0       9CE       0  CODE        2
                maintext                       0004F0  00000B  0004FB       9E0       0  CODE        2
                text5                          0004FB  00001F  00051A       9F6       0  CODE        2
                text1                          00051A  00003C  000556       A34       0  CODE        2
                text7                          000556  00005D  0005B3       AAC       0  CODE        2
                text2                          0005B3  000060  000613       B66       0  CODE        2
                text6                          000613  000068  00067B       C26       0  CODE        2
                text4                          00067B  0000B4  00072F       CF6       0  CODE        2
                text3                          00072F  0000CF  0007FE       E5E       0  CODE        2
                cinit                          0007FE  000002  000800       FFC       0  CODE        2
                config                         002007  000001  002008      400E       0  CONFIG      2


UNUSED ADDRESS RANGES

        Name                Unused          Largest block    Delta
        BANK0            0054-006F             1C           1
        BANK1            00A0-00BF             20           1
        CODE             0001-04E6            4E6           2
        CONST            0001-04E6            100           2
        EEDATA           2100-21FF            100           2
        ENTRY            0001-04E6            100           2
        IDLOC            2000-2003              4           2
        RAM              0054-006F             1C           1
                         00A0-00BF             20
        SFR0             0000-001F             20           1
        SFR1             0080-009F             20           1
        STACK            00A0-00BF             20           1
        STRCODE          0001-04E6            4E6           2
        STRING           0001-04E6            100           2

                                  Symbol Table

?___awtoft                 cstackCOMMON 0078
?___ftdiv                  cstackBANK0  0020
?___ftmul                  cstackBANK0  0030
?___ftpack                 cstackCOMMON 0070
?_getTemperature           cstackBANK0  0040
?_switchOn                 cstackBANK0  004F
_ADCON0                    (abs)        001F
_ADCON0bits                (abs)        001F
_ADRESH                    (abs)        001E
_ADRESL                    (abs)        009E
_CMCON0bits                (abs)        0019
_GPIObits                  (abs)        0005
_TRISIO                    (abs)        0085
__CFG_BOREN$OFF            (abs)        0000
__CFG_CP$OFF               (abs)        0000
__CFG_CPD$OFF              (abs)        0000
__CFG_FCMEN$ON             (abs)        0000
__CFG_FOSC$INTOSCIO        (abs)        0000
__CFG_IESO$OFF             (abs)        0000
__CFG_MCLRE$OFF            (abs)        0000
__CFG_PWRTE$OFF            (abs)        0000
__CFG_WDTE$OFF             (abs)        0000
__Habs1                    abs1         0000
__Hbank0                   bank0        0000
__Hbank1                   bank1        0000
__Hcinit                   cinit        0800
__Hclrtext                 clrtext      0000
__Hcode                    code         0000
__Hcommon                  common       0000
__Hconfig                  config       2008
__HcstackBANK0             cstackBANK0  0000
__HcstackCOMMON            cstackCOMMON 0000
__Heeprom_data             eeprom_data  0000
__Hend_init                end_init     0001
__Hfunctab                 functab      0000
__Hidloc                   idloc        0000
__Hinit                    init         0000
__Hintentry                intentry     0000
__Hmaintext                maintext     0000
__Hpowerup                 powerup      0000
__Hram                     ram          0000
__Hreset_vec               reset_vec    0000
__Hsfr0                    sfr0         0000
__Hsfr1                    sfr1         0000
__Hstack                   stack        0000
__Hstrings                 strings      0000
__Htext                    text         0000
__Labs1                    abs1         0000
__Lbank0                   bank0        0000
__Lbank1                   bank1        0000
__Lcinit                   cinit        07FE
__Lclrtext                 clrtext      0000
__Lcode                    code         0000
__Lcommon                  common       0000
__Lconfig                  config       2007
__LcstackBANK0             cstackBANK0  0000
__LcstackCOMMON            cstackCOMMON 0000
__Leeprom_data             eeprom_data  0000
__Lend_init                end_init     0000
__Lfunctab                 functab      0000
__Lidloc                   idloc        0000
__Linit                    init         0000
__Lintentry                intentry     0000
__Lmaintext                maintext     0000
__Lpowerup                 powerup      0000
__Lram                     ram          0000
__Lreset_vec               reset_vec    0000
__Lsfr0                    sfr0         0000
__Lsfr1                    sfr1         0000
__Lstack                   stack        0000
__Lstrings                 strings      0000
__Ltext                    text         0000
__S0                       (abs)        2008
__S1                       (abs)        007E
__S2                       (abs)        0000
__S3                       (abs)        0000
___awtoft                  text5        04FB
___awtoft@c                cstackCOMMON 0078
___awtoft@sign             cstackCOMMON 007D
___ftdiv                   text4        067B
___ftdiv@cntr              cstackBANK0  002A
___ftdiv@exp               cstackBANK0  002E
___ftdiv@f1                cstackBANK0  0023
___ftdiv@f2                cstackBANK0  0020
___ftdiv@f3                cstackBANK0  002B
___ftdiv@sign              cstackBANK0  002F
___ftge                    text7        0556
___ftge@ff1                cstackCOMMON 0070
___ftge@ff2                cstackCOMMON 0073
___ftmul                   text3        072F
___ftmul@cntr              cstackBANK0  003E
___ftmul@exp               cstackBANK0  003A
___ftmul@f1                cstackBANK0  0030
___ftmul@f2                cstackBANK0  0033
___ftmul@f3_as_product     cstackBANK0  003B
___ftmul@sign              cstackBANK0  003F
___ftpack                  text6        0613
___ftpack@arg              cstackCOMMON 0070
___ftpack@exp              cstackCOMMON 0073
___ftpack@sign             cstackCOMMON 0074
___int_sp                  stack        0000
___latbits                 (abs)        0000
___sp                      stack        0000
__end_of___awtoft          text5        051A
__end_of___ftdiv           text4        072F
__end_of___ftge            text7        05B3
__end_of___ftmul           text3        07FE
__end_of___ftpack          text6        067B
__end_of__initialization   cinit        07FE
__end_of_getTemperature    text2        0613
__end_of_init              text8        04F0
__end_of_main              maintext     04FB
__end_of_switchOn          text1        0556
__initialization           cinit        07FE
__pcstackBANK0             cstackBANK0  0020
__pcstackCOMMON            cstackCOMMON 0070
__pmaintext                maintext     04F0
__ptext0                   text0        0000
__ptext1                   text1        051A
__ptext2                   text2        05B3
__ptext3                   text3        072F
__ptext4                   text4        067B
__ptext5                   text5        04FB
__ptext6                   text6        0613
__ptext7                   text7        0556
__ptext8                   text8        04E7
__size_of___awtoft         (abs)        0000
__size_of___ftdiv          (abs)        0000
__size_of___ftge           (abs)        0000
__size_of___ftmul          (abs)        0000
__size_of___ftpack         (abs)        0000
__size_of_getTemperature   (abs)        0000
__size_of_init             (abs)        0000
__size_of_main             (abs)        0000
__size_of_switchOn         (abs)        0000
_getTemperature            text2        05B3
_init                      text8        04E7
_main                      maintext     04F0
_switchOn                  text1        051A
btemp                      (abs)        007E
end_of_initialization      cinit        07FE
getTemperature@ADvalue     cstackBANK0  004B
getTemperature@millivolts  cstackBANK0  0048
getTemperature@rawvoltage  cstackBANK0  004D
getTemperature@temperature cstackBANK0  0045
intlevel0                  functab      0000
intlevel1                  functab      0000
intlevel2                  functab      0000
intlevel3                  functab      0000
intlevel4                  functab      0000
intlevel5                  functab      0000
ltemp                      (abs)        007E
ltemp0                     (abs)        007E
ltemp1                     (abs)        0082
ltemp2                     (abs)        0086
ltemp3                     (abs)        0080
reset_vec                  reset_vec    0000
stackhi                    (abs)        0000
stacklo                    (abs)        0000
start                      init         0000
start_initialization       cinit        07FE
switchOn@temperature       cstackBANK0  0051
ttemp                      (abs)        007E
ttemp0                     (abs)        007E
ttemp1                     (abs)        0081
ttemp2                     (abs)        0084
ttemp3                     (abs)        0087
ttemp4                     (abs)        007F
wtemp                      (abs)        007E
wtemp0                     (abs)        007E
wtemp1                     (abs)        0080
wtemp2                     (abs)        0082
wtemp3                     (abs)        0084
wtemp4                     (abs)        0086
wtemp5                     (abs)        0088
wtemp6                     (abs)        007F


FUNCTION INFORMATION:

 *************** function _main *****************
 Defined at:
		line 46 in file "main.c"
 Parameters:    Size  Location     Type
		None
 Auto vars:     Size  Location     Type
		None
 Return value:  Size  Location     Type
		None               void
 Registers used:
		wreg, status,2, status,0, pclath, cstack
 Tracked objects:
		On entry : 
		On exit  : 
		Unchanged: 
 Data sizes:     COMMON   BANK0   BANK1
      Params:         0       0       0
      Locals:         0       0       0
      Temps:          0       0       0
      Totals:         0       0       0
Total ram usage:        0 bytes
 Hardware stack levels required when called:    4
 This function calls:
		_init
		_switchOn
 This function is called by:
		Startup code after reset
 This function uses a non-reentrant model


 *************** function _switchOn *****************
 Defined at:
		line 52 in file "LM35.h"
 Parameters:    Size  Location     Type
		None
 Auto vars:     Size  Location     Type
  temperature     3   49[BANK0 ] float 
 Return value:  Size  Location     Type
                  2   47[BANK0 ] int 
 Registers used:
		wreg, status,2, status,0, pclath, cstack
 Tracked objects:
		On entry : 
		On exit  : 
		Unchanged: 
 Data sizes:     COMMON   BANK0   BANK1
      Params:         0       2       0
      Locals:         0       3       0
      Temps:          0       0       0
      Totals:         0       5       0
Total ram usage:        5 bytes
 Hardware stack levels used:    1
 Hardware stack levels required when called:    3
 This function calls:
		___ftge
		_getTemperature
 This function is called by:
		_main
 This function uses a non-reentrant model


 *************** function _getTemperature *****************
 Defined at:
		line 32 in file "LM35.h"
 Parameters:    Size  Location     Type
		None
 Auto vars:     Size  Location     Type
  millivolts      3   40[BANK0 ] float 
  temperature     3   37[BANK0 ] float 
  rawvoltage      2   45[BANK0 ] int 
  ADvalue         2   43[BANK0 ] unsigned int 
 Return value:  Size  Location     Type
                  3   32[BANK0 ] float 
 Registers used:
		wreg, status,2, status,0, pclath, cstack
 Tracked objects:
		On entry : 
		On exit  : 
		Unchanged: 
 Data sizes:     COMMON   BANK0   BANK1
      Params:         0       3       0
      Locals:         0      10       0
      Temps:          0       2       0
      Totals:         0      15       0
Total ram usage:       15 bytes
 Hardware stack levels used:    1
 Hardware stack levels required when called:    2
 This function calls:
		___awtoft
		___ftdiv
		___ftmul
 This function is called by:
		_switchOn
 This function uses a non-reentrant model


 *************** function ___ftmul *****************
 Defined at:
		line 51 in file "/Applications/microchip/xc8/v1.30/sources/common/ftmul.c"
 Parameters:    Size  Location     Type
  f1              3   16[BANK0 ] float 
  f2              3   19[BANK0 ] float 
 Auto vars:     Size  Location     Type
  f3_as_produc    3   27[BANK0 ] unsigned um
  sign            1   31[BANK0 ] unsigned char 
  cntr            1   30[BANK0 ] unsigned char 
  exp             1   26[BANK0 ] unsigned char 
 Return value:  Size  Location     Type
                  3   16[BANK0 ] float 
 Registers used:
		wreg, status,2, status,0, pclath, cstack
 Tracked objects:
		On entry : 
		On exit  : 
		Unchanged: 
 Data sizes:     COMMON   BANK0   BANK1
      Params:         0       6       0
      Locals:         0       6       0
      Temps:          0       4       0
      Totals:         0      16       0
Total ram usage:       16 bytes
 Hardware stack levels used:    1
 Hardware stack levels required when called:    1
 This function calls:
		___ftpack
 This function is called by:
		_getTemperature
 This function uses a non-reentrant model


 *************** function ___ftdiv *****************
 Defined at:
		line 49 in file "/Applications/microchip/xc8/v1.30/sources/pic/ftdiv.c"
 Parameters:    Size  Location     Type
  f2              3    0[BANK0 ] float 
  f1              3    3[BANK0 ] float 
 Auto vars:     Size  Location     Type
  f3              3   11[BANK0 ] float 
  sign            1   15[BANK0 ] unsigned char 
  exp             1   14[BANK0 ] unsigned char 
  cntr            1   10[BANK0 ] unsigned char 
 Return value:  Size  Location     Type
                  3    0[BANK0 ] float 
 Registers used:
		wreg, status,2, status,0, pclath, cstack
 Tracked objects:
		On entry : 
		On exit  : 
		Unchanged: 
 Data sizes:     COMMON   BANK0   BANK1
      Params:         0       6       0
      Locals:         0       6       0
      Temps:          0       4       0
      Totals:         0      16       0
Total ram usage:       16 bytes
 Hardware stack levels used:    1
 Hardware stack levels required when called:    1
 This function calls:
		___ftpack
 This function is called by:
		_getTemperature
 This function uses a non-reentrant model


 *************** function ___awtoft *****************
 Defined at:
		line 32 in file "/Applications/microchip/xc8/v1.30/sources/common/awtoft.c"
 Parameters:    Size  Location     Type
  c               2    8[COMMON] int 
 Auto vars:     Size  Location     Type
  sign            1   13[COMMON] unsigned char 
 Return value:  Size  Location     Type
                  3    8[COMMON] float 
 Registers used:
		wreg, status,2, status,0, pclath, cstack
 Tracked objects:
		On entry : 
		On exit  : 
		Unchanged: 
 Data sizes:     COMMON   BANK0   BANK1
      Params:         3       0       0
      Locals:         1       0       0
      Temps:          2       0       0
      Totals:         6       0       0
Total ram usage:        6 bytes
 Hardware stack levels used:    1
 Hardware stack levels required when called:    1
 This function calls:
		___ftpack
 This function is called by:
		_getTemperature
 This function uses a non-reentrant model


 *************** function ___ftpack *****************
 Defined at:
		line 62 in file "/Applications/microchip/xc8/v1.30/sources/common/float.c"
 Parameters:    Size  Location     Type
  arg             3    0[COMMON] unsigned um
  exp             1    3[COMMON] unsigned char 
  sign            1    4[COMMON] unsigned char 
 Auto vars:     Size  Location     Type
		None
 Return value:  Size  Location     Type
                  3    0[COMMON] float 
 Registers used:
		wreg, status,2, status,0
 Tracked objects:
		On entry : 
		On exit  : 
		Unchanged: 
 Data sizes:     COMMON   BANK0   BANK1
      Params:         5       0       0
      Locals:         0       0       0
      Temps:          3       0       0
      Totals:         8       0       0
Total ram usage:        8 bytes
 Hardware stack levels used:    1
 This function calls:
		Nothing
 This function is called by:
		___awtoft
		___ftdiv
		___ftmul
 This function uses a non-reentrant model


 *************** function ___ftge *****************
 Defined at:
		line 4 in file "/Applications/microchip/xc8/v1.30/sources/common/ftge.c"
 Parameters:    Size  Location     Type
  ff1             3    0[COMMON] float 
  ff2             3    3[COMMON] float 
 Auto vars:     Size  Location     Type
		None
 Return value:  Size  Location     Type
		None               void
 Registers used:
		wreg, status,2, status,0
 Tracked objects:
		On entry : 
		On exit  : 
		Unchanged: 
 Data sizes:     COMMON   BANK0   BANK1
      Params:         6       0       0
      Locals:         0       0       0
      Temps:          6       0       0
      Totals:        12       0       0
Total ram usage:       12 bytes
 Hardware stack levels used:    1
 This function calls:
		Nothing
 This function is called by:
		_switchOn
 This function uses a non-reentrant model


 *************** function _init *****************
 Defined at:
		line 27 in file "main.c"
 Parameters:    Size  Location     Type
		None
 Auto vars:     Size  Location     Type
		None
 Return value:  Size  Location     Type
		None               void
 Registers used:
		wreg, status,2, status,0
 Tracked objects:
		On entry : 
		On exit  : 
		Unchanged: 
 Data sizes:     COMMON   BANK0   BANK1
      Params:         0       0       0
      Locals:         0       0       0
      Temps:          0       0       0
      Totals:         0       0       0
Total ram usage:        0 bytes
 Hardware stack levels used:    1
 This function calls:
		Nothing
 This function is called by:
		_main
 This function uses a non-reentrant model



MODULE INFORMATION

Module		Function		Class		Link	Load	Size
/Applications/microchip/xc8/v1.30/sources/common/awtoft.c
		___awtoft      		CODE           	04FB	0000	31

/Applications/microchip/xc8/v1.30/sources/common/awtoft.c estimated size: 31

shared
		__initializatio		CODE           	07FE	0000	0

shared estimated size: 0

/Applications/microchip/xc8/v1.30/sources/common/float.c
		___ftpack      		CODE           	0613	0000	104

/Applications/microchip/xc8/v1.30/sources/common/float.c estimated size: 104

main.c
		_init          		CODE           	04E7	0000	9
		_main          		CODE           	04F0	0000	11

main.c estimated size: 20

LM35.h
		_switchOn      		CODE           	051A	0000	60
		_getTemperature		CODE           	05B3	0000	96

LM35.h estimated size: 156

/Applications/microchip/xc8/v1.30/sources/pic/ftdiv.c
		___ftdiv       		CODE           	067B	0000	180

/Applications/microchip/xc8/v1.30/sources/pic/ftdiv.c estimated size: 180

/Applications/microchip/xc8/v1.30/sources/common/ftge.c
		___ftge        		CODE           	0556	0000	93

/Applications/microchip/xc8/v1.30/sources/common/ftge.c estimated size: 93

/Applications/microchip/xc8/v1.30/sources/common/ftmul.c
		___ftmul       		CODE           	072F	0000	207

/Applications/microchip/xc8/v1.30/sources/common/ftmul.c estimated size: 207

